test_claude_identity_is_deterministic (test_agents.AgentsTest.test_claude_identity_is_deterministic) ... ok
test_discovery_rejects_ambiguous_cwd_time (test_agents.AgentsTest.test_discovery_rejects_ambiguous_cwd_time) ... ok
test_hermes_approval_history_is_not_pending (test_agents.AgentsTest.test_hermes_approval_history_is_not_pending) ... ok
test_hermes_fork_only_and_unnamed_do_not_discover (test_agents.AgentsTest.test_hermes_fork_only_and_unnamed_do_not_discover) ... ok
test_hermes_live_modal_survives_long_command (test_agents.AgentsTest.test_hermes_live_modal_survives_long_command) ... ok
test_hermes_missing_cwd_exact_title_and_launch_window (test_agents.AgentsTest.test_hermes_missing_cwd_exact_title_and_launch_window) ... ok
test_hermes_other_modal_hint_is_not_approval (test_agents.AgentsTest.test_hermes_other_modal_hint_is_not_approval) ... ok
test_missing_identity_refuses_recovery (test_agents.AgentsTest.test_missing_identity_refuses_recovery) ... ok
test_named_manager_recovery_never_creates_missing_session (test_agents.AgentsTest.test_named_manager_recovery_never_creates_missing_session) ... ok
test_old_spinner_never_proves_activity_or_completion (test_agents.AgentsTest.test_old_spinner_never_proves_activity_or_completion) ... ok
test_recovery_never_replays_prompt (test_agents.AgentsTest.test_recovery_never_replays_prompt) ... ok
test_actual_cli_interface (test_approvals.ApprovalsTest.test_actual_cli_interface) ... ok
test_danger_edges_route_once_redact_and_atomic_failure (test_approvals.ApprovalsTest.test_danger_edges_route_once_redact_and_atomic_failure) ... ok
test_missing_group_same_key_reconciles_visible_question (test_approvals.ApprovalsTest.test_missing_group_same_key_reconciles_visible_question) ... ok
test_owner_cwd_recovery_and_override_cannot_bypass_danger (test_approvals.ApprovalsTest.test_owner_cwd_recovery_and_override_cannot_bypass_danger) ... ok
test_promotion_global_demotion_and_operator_override (test_approvals.ApprovalsTest.test_promotion_global_demotion_and_operator_override) ... ok
test_safe_replay_reject_changed_key_and_restart (test_approvals.ApprovalsTest.test_safe_replay_reject_changed_key_and_restart) ... ok
test_empty_queue_is_quiet_and_new_episode_can_notify (test_babysitter_queue.BabysitterQueueTest.test_empty_queue_is_quiet_and_new_episode_can_notify) ... ok
test_installer_is_bounded_and_idempotent (test_babysitter_queue.BabysitterQueueTest.test_installer_is_bounded_and_idempotent) ... ok
test_nudge_then_escalate_once_retry_failed_enqueue (test_babysitter_queue.BabysitterQueueTest.test_nudge_then_escalate_once_retry_failed_enqueue) ... ok
test_uncertain_nudge_escalates_without_retry (test_babysitter_queue.BabysitterQueueTest.test_uncertain_nudge_escalates_without_retry) ... ok
test_approval_and_recovery_hold_never_send (test_babysitter_queue.DurableBabysitterTest.test_approval_and_recovery_hold_never_send) ... ok
test_automatic_turn_cannot_start_another_nudge_loop (test_babysitter_queue.DurableBabysitterTest.test_automatic_turn_cannot_start_another_nudge_loop) ... ok
test_direct_steering_precedes_held_nudge (test_babysitter_queue.DurableBabysitterTest.test_direct_steering_precedes_held_nudge) ... ok
test_native_turn_change_retires_old_nudge (test_babysitter_queue.DurableBabysitterTest.test_native_turn_change_retires_old_nudge) ... ok
test_queue_and_escalation_do_not_nest_store_lock (test_babysitter_queue.DurableBabysitterTest.test_queue_and_escalation_do_not_nest_store_lock) ... ok
test_restart_dedup_and_native_pause_then_delivery (test_babysitter_queue.DurableBabysitterTest.test_restart_dedup_and_native_pause_then_delivery) ... ok
test_cannot_manufacture_approval_metadata (test_beads.BeadsTest.test_cannot_manufacture_approval_metadata) ... ok
test_claude_requires_native_approval_dependency (test_beads.BeadsTest.test_claude_requires_native_approval_dependency) ... ok
test_close_consumes_own_stop_trigger_but_preserves_other_marker (test_beads.BeadsTest.test_close_consumes_own_stop_trigger_but_preserves_other_marker) ... ok
test_close_reconciles_lost_ack_and_checks_ready_once (test_beads.BeadsTest.test_close_reconciles_lost_ack_and_checks_ready_once) ... ok
test_context_bounds_task_data_and_never_claims (test_beads.BeadsTest.test_context_bounds_task_data_and_never_claims) ... ok
test_create_retries_same_id_and_rejects_changed_content (test_beads.BeadsTest.test_create_retries_same_id_and_rejects_changed_content) ... ok
test_disabled_and_unenrolled (test_beads.BeadsTest.test_disabled_and_unenrolled) ... ok
test_existing_owned_claim_is_idempotent (test_beads.BeadsTest.test_existing_owned_claim_is_idempotent) ... ok
test_other_workers_task_cannot_bind (test_beads.BeadsTest.test_other_workers_task_cannot_bind) ... ok
test_real_executable_boundary_uses_argv_not_shell (test_beads.BeadsTest.test_real_executable_boundary_uses_argv_not_shell) ... ok
test_recovery_never_claims_or_resumes (test_beads.BeadsTest.test_recovery_never_claims_or_resumes) ... ok
test_stable_identity_survives_native_compaction (test_beads.BeadsTest.test_stable_identity_survives_native_compaction) ... ok
test_uncertain_claim_does_not_bind (test_beads.BeadsTest.test_uncertain_claim_does_not_bind) ... ok
test_both_agents_create_bind_claim_close_without_live_writes (test_beads.InstalledBTQIntegrationTest.test_both_agents_create_bind_claim_close_without_live_writes) ... ok
test_authority_scope_expiry_and_display (test_blocker_receipts.ReceiptTest.test_authority_scope_expiry_and_display) ... ok
test_real_signature_and_evidence (test_blocker_receipts.ReceiptTest.test_real_signature_and_evidence) ... ok
test_strict_json_and_numeric_types (test_blocker_receipts.ReceiptTest.test_strict_json_and_numeric_types) ... ok
test_tamper_signature_event_and_evidence (test_blocker_receipts.ReceiptTest.test_tamper_signature_event_and_evidence) ... ok
test_concurrent_ack_and_offer_serialize (test_brain.BrainTest.test_concurrent_ack_and_offer_serialize) ... ok
test_diff_batches_and_independent_sessions (test_brain.BrainTest.test_diff_batches_and_independent_sessions) ... ok
test_failed_delivery_and_stale_turn_do_not_advance (test_brain.BrainTest.test_failed_delivery_and_stale_turn_do_not_advance) ... ok
test_initial_inventory_is_one_bounded_notice (test_brain.BrainTest.test_initial_inventory_is_one_bounded_notice) ... ok
test_old_context_cannot_ack_current_unseen_offer (test_brain.BrainTest.test_old_context_cannot_ack_current_unseen_offer) ... ok
test_restart_new_native_keeps_pending_and_known (test_brain.BrainTest.test_restart_new_native_keeps_pending_and_known) ... ok
test_scan_hashes_content_without_notice_leak_and_detects_deletion (test_brain.BrainTest.test_scan_hashes_content_without_notice_leak_and_detects_deletion) ... ok
test_scan_permission_error_is_not_deletion (test_brain.BrainTest.test_scan_permission_error_is_not_deletion) ... ok
test_actual_plugin_manager_invocation_when_native_available (test_brain_hooks.HooksTest.test_actual_plugin_manager_invocation_when_native_available) ... skipped 'run with native Hermes venv for PluginManager smoke'
test_coding_native_transcript_receipt (test_brain_hooks.HooksTest.test_coding_native_transcript_receipt) ... ok
test_hermes_exact_turn_receipt_and_compression (test_brain_hooks.HooksTest.test_hermes_exact_turn_receipt_and_compression) ... ok
test_install_preserves_existing_and_plugin_runs_from_unrelated_cwd (test_brain_hooks.HooksTest.test_install_preserves_existing_and_plugin_runs_from_unrelated_cwd) ... ok
test_exact_standalone_mapping_ambiguity_and_compression (test_brain_visible.VisibleTest.test_exact_standalone_mapping_ambiguity_and_compression) ... ok
test_managed_receipt_retry_and_dedup (test_brain_visible.VisibleTest.test_managed_receipt_retry_and_dedup) ... ok
test_more_than_100_unroutable_receipts_do_not_starve_known_group (test_brain_visible.VisibleTest.test_more_than_100_unroutable_receipts_do_not_starve_known_group) ... ok
test_visible_db_failure_does_not_prevent_progress_delivery (test_brain_visible.VisibleTest.test_visible_db_failure_does_not_prevent_progress_delivery) ... ok
test_actual_native_window_half_and_idempotency (test_capabilities.CapabilitiesTest.test_actual_native_window_half_and_idempotency) ... ok
test_claude_window_percent_and_existing_grants_preserved (test_capabilities.CapabilitiesTest.test_claude_window_percent_and_existing_grants_preserved) ... ok
test_existing_policy_is_replaced_without_duplicates (test_capabilities.CapabilitiesTest.test_existing_policy_is_replaced_without_duplicates) ... ok
test_large_window_is_capped_at_500k (test_capabilities.CapabilitiesTest.test_large_window_is_capped_at_500k) ... ok
test_model_arg_and_project_model_override_base (test_capabilities.CapabilitiesTest.test_model_arg_and_project_model_override_base) ... ok
test_other_adapters_untouched (test_capabilities.CapabilitiesTest.test_other_adapters_untouched) ... ok
test_profile_and_explicit_window_can_only_reduce_known_window (test_capabilities.CapabilitiesTest.test_profile_and_explicit_window_can_only_reduce_known_window) ... ok
test_unknown_model_does_not_invent_native_window (test_capabilities.CapabilitiesTest.test_unknown_model_does_not_invent_native_window) ... ok
test_global_claude_and_mcp_install_preserves_deny_and_secrets (test_capabilities.InstallCapabilitiesTest.test_global_claude_and_mcp_install_preserves_deny_and_secrets) ... ok
test_global_codex_edit_retains_tables_and_is_idempotent (test_capabilities.InstallCapabilitiesTest.test_global_codex_edit_retains_tables_and_is_idempotent) ... ok
test_authenticated_direct_reply_consumes_without_routing (test_channel_status.HookTest.test_authenticated_direct_reply_consumes_without_routing) ... ok
test_installed_hook_returns_before_gateway_path (test_channel_status.HookTest.test_installed_hook_returns_before_gateway_path) ... ok
test_process_timeout_kills_and_reaps_without_fallback (test_channel_status.HookTest.test_process_timeout_kills_and_reaps_without_fallback) ... ok
test_capture_only_owned_pane_read_commands_and_25_lines (test_channel_status.StatusTest.test_capture_only_owned_pane_read_commands_and_25_lines) ... ok
test_exact_render_and_read_only (test_channel_status.StatusTest.test_exact_render_and_read_only) ... ok
test_no_model_construction_or_mutating_dependencies_in_entrypoints (test_channel_status.StatusTest.test_no_model_construction_or_mutating_dependencies_in_entrypoints) ... ok
test_order_and_missing_dependency_is_not_claimable (test_channel_status.StatusTest.test_order_and_missing_dependency_is_not_claimable) ... ok
test_unicode_bound_with_pane_label (test_channel_status.StatusTest.test_unicode_bound_with_pane_label) ... ok
test_unknown_ambiguous_and_route_isolation (test_channel_status.StatusTest.test_unknown_ambiguous_and_route_isolation) ... ok
test_aborted_turn_does_not_create_boundary (test_continuation.ContinuationTest.test_aborted_turn_does_not_create_boundary) ... ok
test_approval_question_pause_recovery_and_missing_pane_hold (test_continuation.ContinuationTest.test_approval_question_pause_recovery_and_missing_pane_hold) ... ok
test_claim_uses_assign_and_preserves_projection_without_double_send (test_continuation.ContinuationTest.test_claim_uses_assign_and_preserves_projection_without_double_send) ... FAIL
test_close_projection_schedules_once_without_duplicate_native_boundary (test_continuation.ContinuationTest.test_close_projection_schedules_once_without_duplicate_native_boundary) ... ok
test_completion_after_newer_idle_hook_still_marks_exact_boundary (test_continuation.ContinuationTest.test_completion_after_newer_idle_hook_still_marks_exact_boundary) ... ok
test_completion_before_working_footer_clears_does_not_lose_boundary (test_continuation.ContinuationTest.test_completion_before_working_footer_clears_does_not_lose_boundary) ... ok
test_consumed_boundary_after_crash_accounts_without_retry (test_continuation.ContinuationTest.test_consumed_boundary_after_crash_accounts_without_retry) ... ok
test_cooldown_and_unchanged_work_do_not_loop (test_continuation.ContinuationTest.test_cooldown_and_unchanged_work_do_not_loop) ... ok
test_direct_steering_preempts_queue_check (test_continuation.ContinuationTest.test_direct_steering_preempts_queue_check) ... ok
test_empty_queue_is_checked_once (test_continuation.ContinuationTest.test_empty_queue_is_checked_once) ... ok
test_external_read_failure_consumes_boundary_without_poll (test_continuation.ContinuationTest.test_external_read_failure_consumes_boundary_without_poll) ... ok
test_failed_check_has_exactly_one_accounting_event (test_continuation.ContinuationTest.test_failed_check_has_exactly_one_accounting_event) ... ok
test_late_prompt_holds_continuation_but_not_direct_stop (test_continuation.ContinuationTest.test_late_prompt_holds_continuation_but_not_direct_stop) ... ok
test_manager_working_report_does_not_block_native_idle (test_continuation.ContinuationTest.test_manager_working_report_does_not_block_native_idle) ... ok
test_multiple_completions_are_all_accounted (test_continuation.ContinuationTest.test_multiple_completions_are_all_accounted) ... ok
test_native_btq_pause_is_not_overridden (test_continuation.ContinuationTest.test_native_btq_pause_is_not_overridden) ... ok
test_native_completion_marks_boundary_and_stale_turn_does_not (test_continuation.ContinuationTest.test_native_completion_marks_boundary_and_stale_turn_does_not) ... ok
test_natural_turn_releases_loop_guard (test_continuation.ContinuationTest.test_natural_turn_releases_loop_guard) ... ok
test_one_send_and_one_check_survive_restart_and_duplicate_completion (test_continuation.ContinuationTest.test_one_send_and_one_check_survive_restart_and_duplicate_completion) ... ok
test_restart_after_enqueue_sends_once (test_continuation.ContinuationTest.test_restart_after_enqueue_sends_once) ... ok
test_task_transition_waits_out_cooldown_without_queue_poll (test_continuation.ContinuationTest.test_task_transition_waits_out_cooldown_without_queue_poll) ... ok
test_uncertain_send_never_replays (test_continuation.ContinuationTest.test_uncertain_send_never_replays) ... ok
test_wrong_owner_never_resumed (test_continuation.ContinuationTest.test_wrong_owner_never_resumed) ... ok
test_failed_group_preserves_order_without_blocking_other_group (test_delivery.DeliveryTests.test_failed_group_preserves_order_without_blocking_other_group) ... ok
test_failure_durable_retry_uses_same_id (test_delivery.DeliveryTests.test_failure_durable_retry_uses_same_id) ... ok
test_identical_text_not_resent_within_one_hour (test_delivery.DeliveryTests.test_identical_text_not_resent_within_one_hour) ... ok
test_identical_text_to_different_groups_both_send (test_delivery.DeliveryTests.test_identical_text_to_different_groups_both_send) ... ok
test_one_bounded_attempt_and_restored_timeout (test_delivery.DeliveryTests.test_one_bounded_attempt_and_restored_timeout) ... ok
test_simultaneous_dispatcher_does_not_send (test_delivery.DeliveryTests.test_simultaneous_dispatcher_does_not_send) ... ok
test_third_failure_queues_single_escalation_without_recursive_alerts (test_delivery.DeliveryTests.test_third_failure_queues_single_escalation_without_recursive_alerts) ... ok
test_real_processes_reboot_restore_without_replaying_task (test_e2e.EndToEndTest.test_real_processes_reboot_restore_without_replaying_task) ... ok
test_changed_hash_only_updates_selected_trust (test_hook_config.HookConfigTests.test_changed_hash_only_updates_selected_trust) ... ok
test_claude_existing_settings_permissions_hooks_preserved_idempotently (test_hook_config.HookConfigTests.test_claude_existing_settings_permissions_hooks_preserved_idempotently) ... ok
test_claude_settings_contains_scoped_command (test_hook_config.HookConfigTests.test_claude_settings_contains_scoped_command) ... ok
test_claude_settings_file_is_read_without_modification (test_hook_config.HookConfigTests.test_claude_settings_file_is_read_without_modification) ... ok
test_preserves_existing_hooks_and_trust_idempotently (test_hook_config.HookConfigTests.test_preserves_existing_hooks_and_trust_idempotently) ... ok
test_ambiguous_queue_hook_refuses_before_mutating_provider (test_hook_config.QueueHookInstallTests.test_ambiguous_queue_hook_refuses_before_mutating_provider) ... ok
test_migration_retains_indices_policy_and_hash_trust_idempotently (test_hook_config.QueueHookInstallTests.test_migration_retains_indices_policy_and_hash_trust_idempotently) ... ok
test_missing_claude_hooks_is_reported (test_hook_config.QueueHookInstallTests.test_missing_claude_hooks_is_reported) ... ok
test_context_timeout_preserves_identity_recovery_guidance (test_hook_context.ContextTest.test_context_timeout_preserves_identity_recovery_guidance) ... ok
test_enrichment_can_import_from_worker_checkout (test_hook_context.ContextTest.test_enrichment_can_import_from_worker_checkout) ... ok
test_install_twice_preserves_soul_and_backups (test_install.InstallTest.test_install_twice_preserves_soul_and_backups) ... ok
test_stable_alias_tracks_successor_without_changing_channel (test_install.InstallTest.test_stable_alias_tracks_successor_without_changing_channel) ... ok
test_bounded_replacement_backups_and_repeat_noop (test_install_operator_asks.InstallerTest.test_bounded_replacement_backups_and_repeat_noop) ... ok
test_claude_final_text_and_compaction (test_lifecycle.LifecycleTests.test_claude_final_text_and_compaction) ... ok
test_codex_compaction_and_approval (test_lifecycle.LifecycleTests.test_codex_compaction_and_approval) ... ok
test_codex_explicit_end_and_cursor (test_lifecycle.LifecycleTests.test_codex_explicit_end_and_cursor) ... ok
test_exact_identity_only (test_lifecycle.LifecycleTests.test_exact_identity_only) ... ok
test_hermes_does_not_invent_completion (test_lifecycle.LifecycleTests.test_hermes_does_not_invent_completion) ... ok
test_hermes_follows_compression_not_delegate_and_dedupes_tail (test_lifecycle.LifecycleTests.test_hermes_follows_compression_not_delegate_and_dedupes_tail) ... ok
test_hermes_in_place_compaction_clone_not_forwarded_twice (test_lifecycle.LifecycleTests.test_hermes_in_place_compaction_clone_not_forwarded_twice) ... ok
test_hermes_only_explicit_final (test_lifecycle.LifecycleTests.test_hermes_only_explicit_final) ... ok
test_oversize_record_does_not_stall_or_exceed_read_budget (test_lifecycle.LifecycleTests.test_oversize_record_does_not_stall_or_exceed_read_budget) ... ok
test_partial_record_is_retried (test_lifecycle.LifecycleTests.test_partial_record_is_retried) ... ok
test_retry_ids_stable_and_rotation_resets_cursor (test_lifecycle.LifecycleTests.test_retry_ids_stable_and_rotation_resets_cursor) ... ok
test_admission_is_idempotent_and_does_not_send (test_maintenance.MaintenanceTests.test_admission_is_idempotent_and_does_not_send) ... ok
test_brain_backup_stays_outside_publishable_tree (test_maintenance.MaintenanceTests.test_brain_backup_stays_outside_publishable_tree) ... ok
test_cleanup_repeat_and_drift (test_maintenance.MaintenanceTests.test_cleanup_repeat_and_drift) ... ok
test_completed_history_survives_spec_revision (test_maintenance.MaintenanceTests.test_completed_history_survives_spec_revision) ... ok
test_fork_and_exact_resume (test_maintenance.MaintenanceTests.test_fork_and_exact_resume) ... ok
test_guard_blocks_source_keeps_memory (test_maintenance.MaintenanceTests.test_guard_blocks_source_keeps_memory) ... ok
test_nested_links_and_runtime_direction (test_maintenance.MaintenanceTests.test_nested_links_and_runtime_direction) ... ok
test_persistent_idle_suppresses_heartbeat (test_maintenance.MaintenanceTests.test_persistent_idle_suppresses_heartbeat) ... ok
test_correlated_creation_rejection_is_definite (test_marmot.MarmotTests.test_correlated_creation_rejection_is_definite) ... ok
test_create_group_success (test_marmot.MarmotTests.test_create_group_success) ... ok
test_creation_timeout_is_uncertain (test_marmot.MarmotTests.test_creation_timeout_is_uncertain) ... ok
test_empty_response_is_failure (test_marmot.MarmotTests.test_empty_response_is_failure) ... ok
test_group_info_rejects_different_group (test_marmot.MarmotTests.test_group_info_rejects_different_group) ... ok
test_group_info_verifies_account_group_and_membership (test_marmot.MarmotTests.test_group_info_verifies_account_group_and_membership) ... ok
test_invalid_creation_ack_is_uncertain (test_marmot.MarmotTests.test_invalid_creation_ack_is_uncertain) ... ok
test_lost_creation_ack_is_uncertain (test_marmot.MarmotTests.test_lost_creation_ack_is_uncertain) ... ok
test_missing_message_ids_is_not_success (test_marmot.MarmotTests.test_missing_message_ids_is_not_success) ... ok
test_partial_unframed_ack_fails (test_marmot.MarmotTests.test_partial_unframed_ack_fails) ... ok
test_react_rejection_and_lost_ack_do_not_retry (test_marmot.MarmotTests.test_react_rejection_and_lost_ack_do_not_retry) ... ok
test_react_requires_durable_ack (test_marmot.MarmotTests.test_react_requires_durable_ack) ... ok
test_react_socket_failure (test_marmot.MarmotTests.test_react_socket_failure) ... ok
test_react_uses_existing_wire_contract (test_marmot.MarmotTests.test_react_uses_existing_wire_contract) ... ok
test_send_carries_durable_idempotency_key_and_validates_ack (test_marmot.MarmotTests.test_send_carries_durable_idempotency_key_and_validates_ack) ... ok
test_server_error_is_not_success (test_marmot.MarmotTests.test_server_error_is_not_success) ... ok
test_wrong_id_is_not_success (test_marmot.MarmotTests.test_wrong_id_is_not_success) ... ok
test_wrong_protocol_fails (test_marmot.MarmotTests.test_wrong_protocol_fails) ... ok
test_claude_filters_foreign_sessions_and_explicitly_enables_backend (test_memory.MemoryTests.test_claude_filters_foreign_sessions_and_explicitly_enables_backend) ... ok
test_codex_ignores_tool_output_symlinks_and_partial_records (test_memory.MemoryTests.test_codex_ignores_tool_output_symlinks_and_partial_records) ... ok
test_codex_scopes_and_searches_without_database (test_memory.MemoryTests.test_codex_scopes_and_searches_without_database) ... ok
test_context_bounded_and_failure_nonblocking (test_memory.MemoryTests.test_context_bounded_and_failure_nonblocking) ... ok
test_global_instructions_preserved_and_idempotent (test_memory.MemoryTests.test_global_instructions_preserved_and_idempotent) ... ok
test_worktrees_share_repository_identity (test_memory.MemoryTests.test_worktrees_share_repository_identity) ... ok
test_auto_uses_owned_manager_suffix (test_native_hook.NativeHookTests.test_auto_uses_owned_manager_suffix) ... ok
test_auto_without_owner_is_noop (test_native_hook.NativeHookTests.test_auto_without_owner_is_noop) ... ok
test_cli_registers_sessionstart_compact_and_injects_durable_context (test_native_hook.NativeHookTests.test_cli_registers_sessionstart_compact_and_injects_durable_context) ... ok
test_compaction_updates_identity_and_retains_alias_group_history (test_native_hook.NativeHookTests.test_compaction_updates_identity_and_retains_alias_group_history) ... ok
test_cross_run_and_cross_role_collision_rejected (test_native_hook.NativeHookTests.test_cross_run_and_cross_role_collision_rejected) ... ok
test_delayed_old_hook_does_not_roll_identity_back (test_native_hook.NativeHookTests.test_delayed_old_hook_does_not_roll_identity_back) ... ok
test_duplicate_registration_idempotent (test_native_hook.NativeHookTests.test_duplicate_registration_idempotent) ... ok
test_manager_updates_only_nested_identity (test_native_hook.NativeHookTests.test_manager_updates_only_nested_identity) ... ok
test_mismatched_previous_is_rejected (test_native_hook.NativeHookTests.test_mismatched_previous_is_rejected) ... ok
test_payload_rejects_nested_session_startup_and_wrong_cwd (test_native_hook.NativeHookTests.test_payload_rejects_nested_session_startup_and_wrong_cwd) ... ok
test_payload_rejects_unrelated_hook (test_native_hook.NativeHookTests.test_payload_rejects_unrelated_hook) ... ok
test_completion_after_idle_hook_creates_boundary_once (test_notify.NotifyTest.test_completion_after_idle_hook_creates_boundary_once) ... ok
test_entrypoint_failure_still_forwards_exact_payload (test_notify.NotifyTest.test_entrypoint_failure_still_forwards_exact_payload) ... ok
test_exact_completion_duplicate_and_stale_lifecycle (test_notify.NotifyTest.test_exact_completion_duplicate_and_stale_lifecycle) ... ok
test_install_multiline_preserves_policy_and_backup (test_notify.NotifyTest.test_install_multiline_preserves_policy_and_backup) ... ok
test_old_turn_fork_wrong_cwd_and_recovery (test_notify.NotifyTest.test_old_turn_fork_wrong_cwd_and_recovery) ... ok
test_known_reference_and_union (test_operator_asks.AdminLookupTests.test_known_reference_and_union) ... ok
test_ok_false_envelope_fails_closed (test_operator_asks.AdminLookupTests.test_ok_false_envelope_fails_closed) ... ok
test_wrapped_result_envelope_accepted (test_operator_asks.AdminLookupTests.test_wrapped_result_envelope_accepted)
wn 0.10.x wraps payloads as {"ok":true,"result":{...}} (regression: ... ok
test_wrong_group_bad_key_and_unavailable_fail_closed (test_operator_asks.AdminLookupTests.test_wrong_group_bad_key_and_unavailable_fail_closed) ... ok
test_babysitter_routes_durably_and_rejects_stale_group (test_operator_asks.AskTests.test_babysitter_routes_durably_and_rejects_stale_group) ... ok
test_changed_key_body_rejected_and_duplicate_noop (test_operator_asks.AskTests.test_changed_key_body_rejected_and_duplicate_noop) ... ok
test_explicit_blocked_question_vs_status (test_operator_asks.AskTests.test_explicit_blocked_question_vs_status) ... ok
test_group_isolation_and_no_lookup_for_pure_status (test_operator_asks.AskTests.test_group_isolation_and_no_lookup_for_pure_status) ... ok
test_lookup_failure_retains_pending_ask (test_operator_asks.AskTests.test_lookup_failure_retains_pending_ask) ... ok
test_multiple_asks_bounded_footer_and_retained_full_inventory (test_operator_asks.AskTests.test_multiple_asks_bounded_footer_and_retained_full_inventory) ... ok
test_resolution_does_not_grant_native_approval (test_operator_asks.AskTests.test_resolution_does_not_grant_native_approval) ... ok
test_retry_restart_freezes_payload_and_account (test_operator_asks.AskTests.test_retry_restart_freezes_payload_and_account) ... ok
test_status_footer_last_and_dynamic_membership (test_operator_asks.AskTests.test_status_footer_last_and_dynamic_membership) ... ok
test_tagged_payload_rejects_changed_sending_account (test_operator_asks.AskTests.test_tagged_payload_rejects_changed_sending_account) ... ok
test_uncertain_plain_status_retry_cannot_gain_changed_footer (test_operator_asks.AskTests.test_uncertain_plain_status_retry_cannot_gain_changed_footer) ... ok
test_exact_anchor_private_backup_and_repeat_noop (test_permission_consent.ConsentInstallerTest.test_exact_anchor_private_backup_and_repeat_noop) ... ok
test_exact_manager_binding_routes_but_changed_manager_does_not (test_permission_consent.ConsentTest.test_exact_manager_binding_routes_but_changed_manager_does_not) ... ok
test_failed_inbox_insert_retries_atomically (test_permission_consent.ConsentTest.test_failed_inbox_insert_retries_atomically) ... ok
test_preserves_event_target_and_retries_once (test_permission_consent.ConsentTest.test_preserves_event_target_and_retries_once) ... ok
test_unknown_disallowed_and_stale_never_handoff (test_permission_consent.ConsentTest.test_unknown_disallowed_and_stale_never_handoff) ... ok
test_complete_snapshot_parts_inbox_and_replay (test_permission_relay.RelayTest.test_complete_snapshot_parts_inbox_and_replay) ... ok
test_delivery_identity_binding_and_rejection (test_permission_relay.RelayTest.test_delivery_identity_binding_and_rejection) ... ok
test_old_prompt_or_missing_native_does_not_route (test_permission_relay.RelayTest.test_old_prompt_or_missing_native_does_not_route) ... ok
test_agent_dispatch_is_registered_and_deduplicated (test_pr_watch.WatchTest.test_agent_dispatch_is_registered_and_deduplicated) ... ok
test_authorized_comments_create_one_fix_and_changed_identity_fails (test_pr_watch.WatchTest.test_authorized_comments_create_one_fix_and_changed_identity_fails) ... ok
test_consent_retained_before_native_effect_and_metadata_roundtrip (test_pr_watch.WatchTest.test_consent_retained_before_native_effect_and_metadata_roundtrip) ... ok
test_failed_adapter_retains_hourly_retry_and_wrong_head_rejected (test_pr_watch.WatchTest.test_failed_adapter_retains_hourly_retry_and_wrong_head_rejected) ... ok
test_hourly_backstop_survives_dead_agent_and_closes_signed_gate (test_pr_watch.WatchTest.test_hourly_backstop_survives_dead_agent_and_closes_signed_gate) ... ok
test_human_block_signed_receipt_unblock_and_durable_ask (test_pr_watch.WatchTest.test_human_block_signed_receipt_unblock_and_durable_ask) ... ok
test_policy_change_and_approval_without_effect_fail (test_pr_watch.WatchTest.test_policy_change_and_approval_without_effect_fail) ... ok
test_unsigned_generic_gate_resolution_cannot_bypass (test_pr_watch.WatchTest.test_unsigned_generic_gate_resolution_cannot_bypass) ... ok
test_allowed_managed_uses_facade_for_both_agents (test_queue_hook.QueueHookTest.test_allowed_managed_uses_facade_for_both_agents) ... ok
test_bad_cwd_rejected_before_hook (test_queue_hook.QueueHookTest.test_bad_cwd_rejected_before_hook) ... ok
test_compact_only_restores_context (test_queue_hook.QueueHookTest.test_compact_only_restores_context) ... ok
test_direct_work_and_reboot_pause_and_never_pickup (test_queue_hook.QueueHookTest.test_direct_work_and_reboot_pause_and_never_pickup) ... ok
test_recovery_clears_guards_without_restarting_task (test_queue_hook.QueueHookTest.test_recovery_clears_guards_without_restarting_task) ... ok
test_task_cli_claim_persists_mutated_identity (test_queue_hook.QueueHookTest.test_task_cli_claim_persists_mutated_identity) ... ok
test_task_cli_create_forwards_key_and_description (test_queue_hook.QueueHookTest.test_task_cli_create_forwards_key_and_description) ... ok
test_unmanaged_delegates_payload_unchanged (test_queue_hook.QueueHookTest.test_unmanaged_delegates_payload_unchanged) ... ok
test_account_drift_and_missing_payload_fail_closed (test_reactions.ReactionsTest.test_account_drift_and_missing_payload_fail_closed) ... ok
test_actual_cli_repeat_key_survives_store_restart_and_rejects_changes (test_reactions.ReactionsTest.test_actual_cli_repeat_key_survives_store_restart_and_rejects_changes) ... ok
test_failed_delivery_retries_same_intent_and_keeps_group_fifo (test_reactions.ReactionsTest.test_failed_delivery_retries_same_intent_and_keeps_group_fifo) ... ok
test_invalid_intents_never_enqueue (test_reactions.ReactionsTest.test_invalid_intents_never_enqueue) ... ok
test_main_constructs_transport_but_only_enqueues (test_reactions.ReactionsTest.test_main_constructs_transport_but_only_enqueues) ... ok
test_absolute_deadlines_and_duplicate_ticks (test_review_schedule.ScheduleTests.test_absolute_deadlines_and_duplicate_ticks) ... ok
test_native_activity_releases_ask_but_pid_does_not (test_review_schedule.ScheduleTests.test_native_activity_releases_ask_but_pid_does_not) ... ok
test_restart_missed_slots_one_review_and_backward_clock (test_review_schedule.ScheduleTests.test_restart_missed_slots_one_review_and_backward_clock) ... ok
test_suspend_resume_keeps_remaining_active_time (test_review_schedule.ScheduleTests.test_suspend_resume_keeps_remaining_active_time) ... ok
test_blocking_and_scope_changes_fail_closed (test_reviews.ReviewTests.test_blocking_and_scope_changes_fail_closed) ... ok
test_changed_handoff_key_rejected (test_reviews.ReviewTests.test_changed_handoff_key_rejected) ... ok
test_close_requires_full_delivery_and_fresh_artifacts (test_reviews.ReviewTests.test_close_requires_full_delivery_and_fresh_artifacts) ... ok
test_disabled_rollout_never_launches (test_reviews.ReviewTests.test_disabled_rollout_never_launches) ... ok
test_dispatch_digest_failure_does_not_queue_or_launch (test_reviews.ReviewTests.test_dispatch_digest_failure_does_not_queue_or_launch) ... ok
test_exact_boundary_not_idle_or_wrong_turn (test_reviews.ReviewTests.test_exact_boundary_not_idle_or_wrong_turn) ... ok
test_explicit_retry_is_idempotent_and_preserves_attempt (test_reviews.ReviewTests.test_explicit_retry_is_idempotent_and_preserves_attempt) ... ok
test_failed_runner_retains_attempt_without_replay (test_reviews.ReviewTests.test_failed_runner_retains_attempt_without_replay) ... ok
test_held_review_does_not_block_later_ask (test_reviews.ReviewTests.test_held_review_does_not_block_later_ask) ... ok
test_native_adapter_zero_tools_and_private_home (test_reviews.ReviewTests.test_native_adapter_zero_tools_and_private_home) ... ok
test_queue_idempotent_full_summary_and_held_ask (test_reviews.ReviewTests.test_queue_idempotent_full_summary_and_held_ask) ... ok
test_recovery_never_launches_pending_job (test_reviews.ReviewTests.test_recovery_never_launches_pending_job) ... ok
test_runner_reentry_does_not_repeat_model (test_reviews.ReviewTests.test_runner_reentry_does_not_repeat_model) ... ok
test_scheduler_restart_no_duplicate_or_poll_model (test_reviews.ReviewTests.test_scheduler_restart_no_duplicate_or_poll_model) ... ok
test_uncertain_running_precedes_new_task_jobs (test_reviews.ReviewTests.test_uncertain_running_precedes_new_task_jobs) ... ok
test_ambiguous_ownership_fails_closed (test_routing.RoutingTests.test_ambiguous_ownership_fails_closed) ... ok
test_authentication_and_self_filter (test_routing.RoutingTests.test_authentication_and_self_filter) ... ok
test_database_failure_retains_and_retries_turn (test_routing.RoutingTests.test_database_failure_retains_and_retries_turn) ... Workstream inbound handoff unavailable; retaining queued turn for retry
Traceback (most recent call last):
  File "/home/operator/.hermes/workstreams/runs/6e82fa80-d46c-52b8-b00a-6a2e96ed8c8a/beads/btq-harness-67e876d04b02b3ba1cccf2d3/checkout/harness/routing.py", line 100, in route_with_retry
    return await asyncio.to_thread(route_inbound, event, account_id=account_id,
           ^^^^^^^^^^^^^^^^^^^^^^^^^^^^^^^^^^^^^^^^^^^^^^^^^^^^^^^^^^^^^^^^^^^^
  File "/usr/lib/python3.12/asyncio/threads.py", line 25, in to_thread
    return await loop.run_in_executor(None, func_call)
           ^^^^^^^^^^^^^^^^^^^^^^^^^^^^^^^^^^^^^^^^^^^
  File "/usr/lib/python3.12/concurrent/futures/thread.py", line 58, in run
    result = self.fn(*self.args, **self.kwargs)
             ^^^^^^^^^^^^^^^^^^^^^^^^^^^^^^^^^^
  File "/usr/lib/python3.12/unittest/mock.py", line 1134, in __call__
    return self._mock_call(*args, **kwargs)
           ^^^^^^^^^^^^^^^^^^^^^^^^^^^^^^^^
  File "/usr/lib/python3.12/unittest/mock.py", line 1138, in _mock_call
    return self._execute_mock_call(*args, **kwargs)
           ^^^^^^^^^^^^^^^^^^^^^^^^^^^^^^^^^^^^^^^^
  File "/usr/lib/python3.12/unittest/mock.py", line 1197, in _execute_mock_call
    raise result
sqlite3.OperationalError: locked
ok
test_duplicate_is_consumed_once (test_routing.RoutingTests.test_duplicate_is_consumed_once) ... ok
test_failed_run_remains_routable_including_commands (test_routing.RoutingTests.test_failed_run_remains_routable_including_commands) ... ok
test_installer_is_idempotent_and_keeps_backup (test_routing.RoutingTests.test_installer_is_idempotent_and_keeps_backup) ... ok
test_missing_database_is_unowned_without_creation (test_routing.RoutingTests.test_missing_database_is_unowned_without_creation) ... ok
test_replay_does_not_move_message_to_new_owner (test_routing.RoutingTests.test_replay_does_not_move_message_to_new_owner) ... ok
test_spool_survives_database_failure_and_restarts_once (test_routing.RoutingTests.test_spool_survives_database_failure_and_restarts_once) ... ok
test_spool_unowned_is_retained_on_restart_but_healthy_fallthrough_cleans (test_routing.RoutingTests.test_spool_unowned_is_retained_on_restart_but_healthy_fallthrough_cleans) ... ok
test_terminal_owner_falls_through (test_routing.RoutingTests.test_terminal_owner_falls_through) ... ok
test_unauthorized_input_never_spooled (test_routing.RoutingTests.test_unauthorized_input_never_spooled) ... ok
test_unowned_falls_through (test_routing.RoutingTests.test_unowned_falls_through) ... ok
test_applied_repeat_does_not_stage_or_cut_over (test_runtime_repair.RuntimeRepairTest.test_applied_repeat_does_not_stage_or_cut_over) ... ok
test_apply_requires_quiet_window (test_runtime_repair.RuntimeRepairTest.test_apply_requires_quiet_window) ... ok
test_failed_candidate_records_generation_for_retry (test_runtime_repair.RuntimeRepairTest.test_failed_candidate_records_generation_for_retry) ... ok
test_interrupted_cutover_never_replayed (test_runtime_repair.RuntimeRepairTest.test_interrupted_cutover_never_replayed) ... ok
test_missing_version_and_origin_changes_block (test_runtime_repair.RuntimeRepairTest.test_missing_version_and_origin_changes_block) ... ok
test_packaging_patch_preserves_content_and_repeats (test_runtime_repair.RuntimeRepairTest.test_packaging_patch_preserves_content_and_repeats) ... ok
test_runtime_archive_restorable_and_failure_prevents_return (test_runtime_repair.RuntimeRepairTest.test_runtime_archive_restorable_and_failure_prevents_return) ... ok
test_sqlite_backup_includes_uncheckpointed_wal (test_runtime_repair.RuntimeRepairTest.test_sqlite_backup_includes_uncheckpointed_wal) ... ok
test_staged_repeat_does_not_download (test_runtime_repair.RuntimeRepairTest.test_staged_repeat_does_not_download) ... ok
test_agent_dispatch_is_registered_and_deduplicated (test_secondary_worker.SecondaryTest.test_agent_dispatch_is_registered_and_deduplicated) ... ok
test_consent_retained_before_native_effect_and_metadata_roundtrip (test_secondary_worker.SecondaryTest.test_consent_retained_before_native_effect_and_metadata_roundtrip) ... ok
test_human_block_signed_receipt_unblock_and_durable_ask (test_secondary_worker.SecondaryTest.test_human_block_signed_receipt_unblock_and_durable_ask) ... ok
test_policy_change_and_approval_without_effect_fail (test_secondary_worker.SecondaryTest.test_policy_change_and_approval_without_effect_fail) ... ok
test_recovery_busy_dirty_and_approval_prevent_launch (test_secondary_worker.SecondaryTest.test_recovery_busy_dirty_and_approval_prevent_launch) ... ok
test_secondary_claim_isolated_launch_and_retained_primary (test_secondary_worker.SecondaryTest.test_secondary_claim_isolated_launch_and_retained_primary) ... ok
test_secondary_completion_then_parent_signed_unblock_and_resume (test_secondary_worker.SecondaryTest.test_secondary_completion_then_parent_signed_unblock_and_resume) ... ok
test_unsigned_generic_gate_resolution_cannot_bypass (test_secondary_worker.SecondaryTest.test_unsigned_generic_gate_resolution_cannot_bypass) ... ok
test_alternating_content_is_suppressed_across_recent_window (test_status.StatusTest.test_alternating_content_is_suppressed_across_recent_window) ... ok
test_churning_pane_and_turn_do_not_produce_repeated_heartbeats (test_status.StatusTest.test_churning_pane_and_turn_do_not_produce_repeated_heartbeats) ... ok
test_duplicate_production_is_error_pending_and_delivered (test_status.StatusTest.test_duplicate_production_is_error_pending_and_delivered) ... ok
test_exact_stop_updates_run_and_stale_turn_cannot_overwrite (test_status.StatusTest.test_exact_stop_updates_run_and_stale_turn_cannot_overwrite) ... ok
test_fingerprint_tracks_semantics_not_display_wrappers (test_status.StatusTest.test_fingerprint_tracks_semantics_not_display_wrappers) ... ok
test_idle_suppression_changed_text_and_native_transition (test_status.StatusTest.test_idle_suppression_changed_text_and_native_transition) ... ok
test_native_abort_updates_state_without_task_completion (test_status.StatusTest.test_native_abort_updates_state_without_task_completion) ... ok
test_ongoing_timestamp_cannot_defeat_dedup_and_change_is_prompt (test_status.StatusTest.test_ongoing_timestamp_cannot_defeat_dedup_and_change_is_prompt) ... ok
test_static_pane_never_hides_approval_or_authorizes_recovery (test_status.StatusTest.test_static_pane_never_hides_approval_or_authorizes_recovery) ... ok
test_static_pane_normalized_persisted_and_changed_output_delivers (test_status.StatusTest.test_static_pane_normalized_persisted_and_changed_output_delivers) ... Duplicate status suppressed: workstream=16e3716f-4e42-5407-9c15-8cd530dc9c66 event=216ab143-098b-4ac6-a64a-4681e3470f6e
ok
test_alternation_window_survives_restart_pending_and_delivery (test_status_window.WindowTest.test_alternation_window_survives_restart_pending_and_delivery) ... ok
test_log_throttle_survives_restart (test_status_window.WindowTest.test_log_throttle_survives_restart) ... ok
test_normalization_preserves_meaningful_numbers (test_status_window.WindowTest.test_normalization_preserves_meaningful_numbers) ... ok
test_rate_limit_boundary_and_no_sliding_suppression (test_status_window.WindowTest.test_rate_limit_boundary_and_no_sliding_suppression) ... ok
test_real_transitions_asks_and_task_identity_are_prompt (test_status_window.WindowTest.test_real_transitions_asks_and_task_identity_are_prompt) ... ok
test_scope_is_run_group_kind_and_replay_is_idempotent (test_status_window.WindowTest.test_scope_is_run_group_kind_and_replay_is_idempotent) ... ok
test_twenty_notice_window_and_atomic_failure (test_status_window.WindowTest.test_twenty_notice_window_and_atomic_failure) ... ok
test_approval_wait_preserves_pending_input_and_reporting (test_supervisor.SupervisorTest.test_approval_wait_preserves_pending_input_and_reporting) ... ok
test_beads_identity_and_context_policy_survive_reboot (test_supervisor.SupervisorTest.test_beads_identity_and_context_policy_survive_reboot) ... ok
test_command_reboot_does_not_replay_workload (test_supervisor.SupervisorTest.test_command_reboot_does_not_replay_workload) ... ok
test_crash_after_launch_adopts_existing_owned_pane_without_replay (test_supervisor.SupervisorTest.test_crash_after_launch_adopts_existing_owned_pane_without_replay) ... ok
test_crash_during_input_becomes_visible_uncertainty_without_replay (test_supervisor.SupervisorTest.test_crash_during_input_becomes_visible_uncertainty_without_replay) ... ok
test_dead_pane_failed_restore_holds_without_launch_retry (test_supervisor.SupervisorTest.test_dead_pane_failed_restore_holds_without_launch_retry) ... ok
test_dead_pane_recovery_preserves_holds_and_missing_panes (test_supervisor.SupervisorTest.test_dead_pane_recovery_preserves_holds_and_missing_panes) ... ok
test_failed_command_emits_terminal_event_once (test_supervisor.SupervisorTest.test_failed_command_emits_terminal_event_once) ... ok
test_inbox_id_cannot_redirect_another_runs_pending_message (test_supervisor.SupervisorTest.test_inbox_id_cannot_redirect_another_runs_pending_message) ... ok
test_legacy_manifest_is_never_automatically_replayed (test_supervisor.SupervisorTest.test_legacy_manifest_is_never_automatically_replayed) ... ok
test_manager_modal_surfaces_complete_evidence (test_supervisor.SupervisorTest.test_manager_modal_surfaces_complete_evidence) ... ok
test_manager_restore_failure_is_visible (test_supervisor.SupervisorTest.test_manager_restore_failure_is_visible) ... ok
test_missing_manager_reports_once_and_keeps_ownership (test_supervisor.SupervisorTest.test_missing_manager_reports_once_and_keeps_ownership) ... ok
test_outbox_error_retries_same_message_identity (test_supervisor.SupervisorTest.test_outbox_error_retries_same_message_identity) ... ok
test_pending_worker_target_survives_database_and_supervisor_restart (test_supervisor.SupervisorTest.test_pending_worker_target_survives_database_and_supervisor_restart) ... Duplicate status suppressed: workstream=6f870b59-f67d-509d-a5d8-fef5b9633cee event=14285cad-c249-4e47-8957-7b06980a2851
ok
test_real_tmux_command_exit_keeps_manager_and_reports_once (test_supervisor.SupervisorTest.test_real_tmux_command_exit_keeps_manager_and_reports_once) ... ok
test_reboot_does_not_execute_input_queued_before_interruption (test_supervisor.SupervisorTest.test_reboot_does_not_execute_input_queued_before_interruption) ... ok
test_reboot_reports_checkpoint_resumes_exact_id_without_task (test_supervisor.SupervisorTest.test_reboot_reports_checkpoint_resumes_exact_id_without_task) ... ok
test_same_boot_dead_pane_recovers_exact_session_after_restart (test_supervisor.SupervisorTest.test_same_boot_dead_pane_recovers_exact_session_after_restart) ... ok
test_start_retry_preserves_identity_prompt_and_group (test_supervisor.SupervisorTest.test_start_retry_preserves_identity_prompt_and_group) ... ok
test_stop_preserves_owned_and_unrelated_files (test_supervisor.SupervisorTest.test_stop_preserves_owned_and_unrelated_files) ... ok
test_terminal_buffers_and_long_approval_survive_supervisor_restart (test_supervisor.SupervisorTest.test_terminal_buffers_and_long_approval_survive_supervisor_restart) ... ok
test_uncertain_launch_after_supervisor_crash_does_not_silently_stall (test_supervisor.SupervisorTest.test_uncertain_launch_after_supervisor_crash_does_not_silently_stall) ... ok
test_unknown_and_approval_reports_do_not_repeat_at_deadline (test_supervisor.SupervisorTest.test_unknown_and_approval_reports_do_not_repeat_at_deadline) ... ok
test_agent_dispatch_is_registered_and_deduplicated (test_task_blockers.BlockerTest.test_agent_dispatch_is_registered_and_deduplicated) ... ok
test_consent_retained_before_native_effect_and_metadata_roundtrip (test_task_blockers.BlockerTest.test_consent_retained_before_native_effect_and_metadata_roundtrip) ... ok
test_human_block_signed_receipt_unblock_and_durable_ask (test_task_blockers.BlockerTest.test_human_block_signed_receipt_unblock_and_durable_ask) ... ok
test_policy_change_and_approval_without_effect_fail (test_task_blockers.BlockerTest.test_policy_change_and_approval_without_effect_fail) ... ok
test_unsigned_generic_gate_resolution_cannot_bypass (test_task_blockers.BlockerTest.test_unsigned_generic_gate_resolution_cannot_bypass) ... ok
test_admission_replay_edges_projection_no_claim (test_task_delivery.DeliveryTest.test_admission_replay_edges_projection_no_claim) ... ok
test_cli_close_step_frees_implementation_only_and_repeat_noop (test_task_delivery.DeliveryTest.test_cli_close_step_frees_implementation_only_and_repeat_noop) ... ok
test_contract_is_scope_but_recorded_artifact_is_evidence (test_task_delivery.DeliveryTest.test_contract_is_scope_but_recorded_artifact_is_evidence) ... ok
test_independent_close_parent_gating_and_pinned_artifact (test_task_delivery.DeliveryTest.test_independent_close_parent_gating_and_pinned_artifact) ... ok
test_partial_creation_retry_and_missing_edge_fail_closed (test_task_delivery.DeliveryTest.test_partial_creation_retry_and_missing_edge_fail_closed) ... ok
test_separate_role_routes_and_readonly_artifacts (test_task_delivery.DeliveryTest.test_separate_role_routes_and_readonly_artifacts) ... ok
test_stage_retry_wrong_owner_and_no_implicit_approval (test_task_delivery.DeliveryTest.test_stage_retry_wrong_owner_and_no_implicit_approval) ... ok
test_all_graphs_replay_and_parent_closure (test_task_formulas.FormulaTest.test_all_graphs_replay_and_parent_closure) ... ok
test_deployable_cannot_waive_deployment (test_task_formulas.FormulaTest.test_deployable_cannot_waive_deployment) ... ok
test_legacy_admission_description_is_byte_compatible (test_task_formulas.FormulaTest.test_legacy_admission_description_is_byte_compatible) ... ok
test_partial_admission_can_reconcile_without_eligible_or_duplicate_steps (test_task_formulas.FormulaTest.test_partial_admission_can_reconcile_without_eligible_or_duplicate_steps) ... ok
test_published_formula_digest_and_missing_role_fail_closed (test_task_formulas.FormulaTest.test_published_formula_digest_and_missing_role_fail_closed) ... ok
test_research_needs_no_git_pr_or_deployment (test_task_formulas.FormulaTest.test_research_needs_no_git_pr_or_deployment) ... ok
test_retained_evidence_drift_blocks_parent (test_task_formulas.FormulaTest.test_retained_evidence_drift_blocks_parent) ... ok
test_same_key_cannot_change_formula_or_content (test_task_formulas.FormulaTest.test_same_key_cannot_change_formula_or_content) ... ok
test_stage_owner_recovery_and_noop_replay (test_task_formulas.FormulaTest.test_stage_owner_recovery_and_noop_replay) ... ok
test_verification_requires_preceding_revision_and_passing_check (test_task_formulas.FormulaTest.test_verification_requires_preceding_revision_and_passing_check) ... ok
test_wrong_routes_rejected_before_any_mutation (test_task_formulas.FormulaTest.test_wrong_routes_rejected_before_any_mutation) ... ok
test_changed_key_rejected_and_explicit_supersession (test_task_gates.GateTest.test_changed_key_rejected_and_explicit_supersession) ... ok
test_cli_creation_resolution_and_recovery (test_task_gates.GateTest.test_cli_creation_resolution_and_recovery) ... ok
test_design_requires_real_existing_approval_contract (test_task_gates.GateTest.test_design_requires_real_existing_approval_contract) ... ok
test_design_valid_then_approval_revision_drift_blocks (test_task_gates.GateTest.test_design_valid_then_approval_revision_drift_blocks) ... ok
test_formula_role_gate_preserves_graph_and_blocks_claim (test_task_gates.GateTest.test_formula_role_gate_preserves_graph_and_blocks_claim) ... ok
test_merge_and_deployment_not_external_watcher_authority (test_task_gates.GateTest.test_merge_and_deployment_not_external_watcher_authority) ... ok
test_missing_edge_and_partial_creation_fail_closed (test_task_gates.GateTest.test_missing_edge_and_partial_creation_fail_closed) ... ok
test_native_gate_graph_resolution_duplicate_and_unrelated_task (test_task_gates.GateTest.test_native_gate_graph_resolution_duplicate_and_unrelated_task) ... ok
test_parent_rechecks_completed_role_gate_evidence (test_task_gates.GateTest.test_parent_rechecks_completed_role_gate_evidence) ... ok
test_raw_close_does_not_authorize (test_task_gates.GateTest.test_raw_close_does_not_authorize) ... ok
test_reserved_gate_after_failed_create_is_not_eligible (test_task_gates.GateTest.test_reserved_gate_after_failed_create_is_not_eligible) ... ok
test_uncertain_resolution_replay_and_retained_artifact_loss (test_task_gates.GateTest.test_uncertain_resolution_replay_and_retained_artifact_loss) ... ok
test_wrong_scope_revision_and_artifact_drift (test_task_gates.GateTest.test_wrong_scope_revision_and_artifact_drift) ... ok
test_complete_independent_owners_retained_artifacts (test_task_handoffs.HandoffTest.test_complete_independent_owners_retained_artifacts) ... ok
test_deploy_authority_restrictions_and_no_waiver (test_task_handoffs.HandoffTest.test_deploy_authority_restrictions_and_no_waiver) ... ok
test_merged_is_not_deployed_and_deployed_is_not_verified (test_task_handoffs.HandoffTest.test_merged_is_not_deployed_and_deployed_is_not_verified) ... ok
test_review_requires_approval_and_retained_authority (test_task_handoffs.HandoffTest.test_review_requires_approval_and_retained_authority) ... ok
test_uncertain_write_replay_preserves_history (test_task_handoffs.HandoffTest.test_uncertain_write_replay_preserves_history) ... ok
test_verification_pins_deployment_and_actual_acceptance (test_task_handoffs.HandoffTest.test_verification_pins_deployment_and_actual_acceptance) ... ok
test_wrong_log_hash_and_wrong_test_revision (test_task_handoffs.HandoffTest.test_wrong_log_hash_and_wrong_test_revision) ... ok
test_actual_drop_claim_checkpoint_and_resume_retains_worktree (test_task_interrupt.InterruptTest.test_actual_drop_claim_checkpoint_and_resume_retains_worktree) ... ok
test_busy_dirty_paused_and_approval_fail_before_mutation (test_task_interrupt.InterruptTest.test_busy_dirty_paused_and_approval_fail_before_mutation) ... ok
test_failed_claim_keeps_durable_park_and_no_automatic_resume (test_task_interrupt.InterruptTest.test_failed_claim_keeps_durable_park_and_no_automatic_resume) ... ok
test_create_default_and_at_top_retry_does_not_reorder (test_task_order.OrderTest.test_create_default_and_at_top_retry_does_not_reorder) ... ok
test_dependency_graph_chain_cycle_and_management (test_task_order.OrderTest.test_dependency_graph_chain_cycle_and_management) ... ok
test_eight_task_dependency_fixture_is_listed_but_not_all_ready (test_task_order.OrderTest.test_eight_task_dependency_fixture_is_listed_but_not_all_ready) ... ok
test_fifo_and_multi_priority_with_stable_ties (test_task_order.OrderTest.test_fifo_and_multi_priority_with_stable_ties) ... ok
test_invalid_batch_makes_no_writes_and_failure_not_retried (test_task_order.OrderTest.test_invalid_batch_makes_no_writes_and_failure_not_retried) ... ok
test_key_resolution_and_wrong_route (test_task_order.OrderTest.test_key_resolution_and_wrong_route) ... ok
test_cli_progress_does_not_construct_store (test_task_progress.ProgressTest.test_cli_progress_does_not_construct_store) ... ok
test_live_read_uses_bounded_native_queries_without_mutations (test_task_progress.ProgressTest.test_live_read_uses_bounded_native_queries_without_mutations) ... ok
test_prerequisite_change_during_native_claim_retains_unbound_hold (test_task_progress.ProgressTest.test_prerequisite_change_during_native_claim_retains_unbound_hold) ... ok
test_readonly_projection_no_writes_and_closed_step_releases_next (test_task_progress.ProgressTest.test_readonly_projection_no_writes_and_closed_step_releases_next) ... ok
test_resumed_step_requires_predecessor_evidence_and_pause_wins (test_task_progress.ProgressTest.test_resumed_step_requires_predecessor_evidence_and_pause_wins) ... ok
test_six_views_and_limits (test_task_progress.ProgressTest.test_six_views_and_limits) ... ok
test_wrong_route_excluded_and_missing_dependency_explicit (test_task_progress.ProgressTest.test_wrong_route_excluded_and_missing_dependency_explicit) ... ok
test_concurrent_claim_checks_all_active_and_native_atomic_claim (test_task_review.ReviewTest.test_concurrent_claim_checks_all_active_and_native_atomic_claim) ... ok
test_handoff_rejects_malformed_test_hash_and_review_destination (test_task_review.ReviewTest.test_handoff_rejects_malformed_test_hash_and_review_destination) ... ok
test_handoff_retains_claim_and_validates_checkout (test_task_review.ReviewTest.test_handoff_retains_claim_and_validates_checkout) ... ok
test_paused_queue_blocks_new_claim (test_task_review.ReviewTest.test_paused_queue_blocks_new_claim) ... ok
test_unreviewed_wrong_owner_and_changed_history_block (test_task_review.ReviewTest.test_unreviewed_wrong_owner_and_changed_history_block) ... ok
test_deployment_requires_live_operator_evidence (test_task_stages.StageTest.test_deployment_requires_live_operator_evidence) ... ok
test_non_deployable_requires_explicit_operator_reason (test_task_stages.StageTest.test_non_deployable_requires_explicit_operator_reason) ... ok
test_order_repeat_metadata_and_close (test_task_stages.StageTest.test_order_repeat_metadata_and_close) ... ok
test_skipped_stage_and_dirty_boundary_fail (test_task_stages.StageTest.test_skipped_stage_and_dirty_boundary_fail) ... ok
test_wrong_owner_recovery_and_closed_idempotency (test_task_stages.StageTest.test_wrong_owner_recovery_and_closed_idempotency) ... ok
test_actual_claim_moves_checkpoint_and_hook_cwd_together (test_task_workspace.TaskWorkspaceTest.test_actual_claim_moves_checkpoint_and_hook_cwd_together) ... ok
test_busy_approval_and_recovery_do_not_stop_pane (test_task_workspace.TaskWorkspaceTest.test_busy_approval_and_recovery_do_not_stop_pane) ... ok
test_isolation_reuse_no_network_and_idempotent_base (test_task_workspace.TaskWorkspaceTest.test_isolation_reuse_no_network_and_idempotent_base) ... ok
test_migration_no_mutation_and_dirty_boundary_rejected (test_task_workspace.TaskWorkspaceTest.test_migration_no_mutation_and_dirty_boundary_rejected) ... ok
test_safe_switch_retains_native_and_manager_and_no_prompt (test_task_workspace.TaskWorkspaceTest.test_safe_switch_retains_native_and_manager_and_no_prompt) ... ok
test_actual_dispatch_claim_update_and_readonly_projection (test_tasks.TasksTest.test_actual_dispatch_claim_update_and_readonly_projection) ... ok
test_changed_key_payload_rejected_and_uncertain_write_not_replayed (test_tasks.TasksTest.test_changed_key_payload_rejected_and_uncertain_write_not_replayed) ... ok
test_direct_steering_precedes_held_update (test_tasks.TasksTest.test_direct_steering_precedes_held_update) ... ERROR
test_dispatch_create_retry_preserves_fresh_snapshot (test_tasks.TasksTest.test_dispatch_create_retry_preserves_fresh_snapshot) ... ok
test_external_acceptance_design_spec_and_dependency_changes_gate_close (test_tasks.TasksTest.test_external_acceptance_design_spec_and_dependency_changes_gate_close) ... ok
test_external_scope_close_guard_and_closed_retry (test_tasks.TasksTest.test_external_scope_close_guard_and_closed_retry) ... ok
test_generic_admission_repeated_preserves_snapshot_and_claim (test_tasks.TasksTest.test_generic_admission_repeated_preserves_snapshot_and_claim) ... ok
test_missing_baseline_cannot_be_seeded_by_failed_close (test_tasks.TasksTest.test_missing_baseline_cannot_be_seeded_by_failed_close) ... ok
test_native_provider_hook_task_delivery_receipt_and_idle (test_tasks.TasksTest.test_native_provider_hook_task_delivery_receipt_and_idle) ... ok
test_notice_retry_ack_owner_change_and_unclaimed (test_tasks.TasksTest.test_notice_retry_ack_owner_change_and_unclaimed) ... ok
test_task_inbox_waits_for_native_idle_and_preserves_approval (test_tasks.TasksTest.test_task_inbox_waits_for_native_idle_and_preserves_approval) ... ERROR
test_unbound_admission_show_preserves_active_claim (test_tasks.TasksTest.test_unbound_admission_show_preserves_active_claim) ... ok
test_bounded_buffer_hash_covers_discarded_prefix (test_terminal_observation.TerminalObservationTest.test_bounded_buffer_hash_covers_discarded_prefix) ... ok
test_exact_activity_restart_and_identity_change (test_terminal_observation.TerminalObservationTest.test_exact_activity_restart_and_identity_change) ... ok
test_fifty_lines_without_character_truncation (test_terminal_observation.TerminalObservationTest.test_fifty_lines_without_character_truncation) ... ok
test_long_prompt_heading_beyond_window_is_retained (test_terminal_observation.TerminalObservationTest.test_long_prompt_heading_beyond_window_is_retained) ... ok
test_owned_tmux_requests_extended_scrollback (test_terminal_observation.TerminalObservationTest.test_owned_tmux_requests_extended_scrollback) ... ok
test_exit_status_retained_and_no_shell_interpretation (test_tmux.TmuxTest.test_exit_status_retained_and_no_shell_interpretation) ... ok
test_idempotent_launch_and_owner_check (test_tmux.TmuxTest.test_idempotent_launch_and_owner_check) ... ok
test_launch_environment_is_literal_and_cannot_replace_ownership (test_tmux.TmuxTest.test_launch_environment_is_literal_and_cannot_replace_ownership) ... ok
test_optional_logfile_uses_literal_path_and_private_mode (test_tmux.TmuxTest.test_optional_logfile_uses_literal_path_and_private_mode) ... ok
test_paste_is_literal_and_submit_is_explicit (test_tmux.TmuxTest.test_paste_is_literal_and_submit_is_explicit) ... ok
test_replaced_pane_not_accepted (test_tmux.TmuxTest.test_replaced_pane_not_accepted) ... ok
test_signal_exit_status_is_preserved (test_tmux.TmuxTest.test_signal_exit_status_is_preserved) ... ok
test_child_and_operational_references_block (test_transcript_cleanup.TranscriptGuards.test_child_and_operational_references_block) ... ok
test_fingerprint_changes_with_new_message (test_transcript_cleanup.TranscriptGuards.test_fingerprint_changes_with_new_message) ... ok
test_harness_audit_text_allowed_and_native_bindings_block (test_transcript_cleanup.TranscriptGuards.test_harness_audit_text_allowed_and_native_bindings_block) ... ok
test_native_audit_text_is_not_a_reference (test_transcript_cleanup.TranscriptGuards.test_native_audit_text_is_not_a_reference) ... ok
test_bound_turn_retains_boundary_without_model_assessment (test_transitions.TransitionTests.test_bound_turn_retains_boundary_without_model_assessment) ... ok
test_failed_send_retry_and_same_text_return_are_not_damped (test_transitions.TransitionTests.test_failed_send_retry_and_same_text_return_are_not_damped) ... ok
test_first_handoff_complete_multipart_once (test_transitions.TransitionTests.test_first_handoff_complete_multipart_once) ... ok
test_fixed_window_preserves_returns_and_noop (test_transitions.TransitionTests.test_fixed_window_preserves_returns_and_noop) ... ok
test_immutable_event_identity (test_transitions.TransitionTests.test_immutable_event_identity) ... ok
test_lifecycle_history_preserves_each_new_stage (test_transitions.TransitionTests.test_lifecycle_history_preserves_each_new_stage) ... ok
test_native_stop_repetition_and_state_return (test_transitions.TransitionTests.test_native_stop_repetition_and_state_return) ... ok
test_notice_cli_requires_applied_evidence_and_bound_route (test_transitions.TransitionTests.test_notice_cli_requires_applied_evidence_and_bound_route) ... ok
test_poll_and_turn_prose_audit_only_with_bound_task (test_transitions.TransitionTests.test_poll_and_turn_prose_audit_only_with_bound_task) ... ok
test_real_observe_scope_routed_owner_and_no_timestamp_notice (test_transitions.TransitionTests.test_real_observe_scope_routed_owner_and_no_timestamp_notice) ... ok
test_rendered_unacknowledged_poll_is_never_retired (test_transitions.TransitionTests.test_rendered_unacknowledged_poll_is_never_retired) ... ok
test_restart_and_late_flush_do_not_merge_windows (test_transitions.TransitionTests.test_restart_and_late_flush_do_not_merge_windows) ... ok
test_retirement_preserves_attempted_unrelated_and_audit (test_transitions.TransitionTests.test_retirement_preserves_attempted_unrelated_and_audit) ... ok
test_steering_retains_full_question_and_gate_actor (test_transitions.TransitionTests.test_steering_retains_full_question_and_gate_actor) ... ok
test_unknown_groups_do_not_starve_known_batches (test_transitions.TransitionTests.test_unknown_groups_do_not_starve_known_batches) ... ok
test_documented_operation_only (test_wedge_watch.SocketProbeTest.test_documented_operation_only) ... ok
test_eof_fails (test_wedge_watch.SocketProbeTest.test_eof_fails) ... ok
test_rejection_and_mismatched_reply (test_wedge_watch.SocketProbeTest.test_rejection_and_mismatched_reply) ... ok
test_failure_does_not_claim_arm_success (test_wedge_watch.WedgeWatchTest.test_failure_does_not_claim_arm_success) ... ok
test_healthy_resets_cooldown (test_wedge_watch.WedgeWatchTest.test_healthy_resets_cooldown) ... ok
test_healthy_silent_no_activation (test_wedge_watch.WedgeWatchTest.test_healthy_silent_no_activation) ... ok
test_invalid_allowlist_is_error (test_wedge_watch.WedgeWatchTest.test_invalid_allowlist_is_error) ... ok
test_log_missing_is_error (test_wedge_watch.WedgeWatchTest.test_log_missing_is_error) ... ok
test_quiet_chat_is_inactivity_not_proven_wedge (test_wedge_watch.WedgeWatchTest.test_quiet_chat_is_inactivity_not_proven_wedge) ... ok
test_socket_failure_escalates_without_gateway_restart (test_wedge_watch.WedgeWatchTest.test_socket_failure_escalates_without_gateway_restart) ... ok
test_stale_heartbeat_without_message_source (test_wedge_watch.WedgeWatchTest.test_stale_heartbeat_without_message_source) ... ok
test_startup_grace (test_wedge_watch.WedgeWatchTest.test_startup_grace) ... ok
test_startup_preserves_activation_cooldown (test_wedge_watch.WedgeWatchTest.test_startup_preserves_activation_cooldown) ... ok
test_uncertain_arm_blocks_retry (test_wedge_watch.WedgeWatchTest.test_uncertain_arm_blocks_retry) ... ok
test_wedge_intent_durable_before_arm_and_cooldown (test_wedge_watch.WedgeWatchTest.test_wedge_intent_durable_before_arm_and_cooldown) ... ok

======================================================================
ERROR: test_direct_steering_precedes_held_update (test_tasks.TasksTest.test_direct_steering_precedes_held_update)
----------------------------------------------------------------------
Traceback (most recent call last):
  File "/home/operator/.hermes/workstreams/runs/6e82fa80-d46c-52b8-b00a-6a2e96ed8c8a/beads/btq-harness-67e876d04b02b3ba1cccf2d3/checkout/tests/test_tasks.py", line 157, in test_direct_steering_precedes_held_update
    supervisor.drain_inbox(run)
  File "/home/operator/.hermes/workstreams/runs/6e82fa80-d46c-52b8-b00a-6a2e96ed8c8a/beads/btq-harness-67e876d04b02b3ba1cccf2d3/checkout/harness/supervisor.py", line 359, in drain_inbox
    if not self.inbox_ready(run, row):
           ^^^^^^^^^^^^^^^^^^^^^^^^^^
  File "/home/operator/.hermes/workstreams/runs/6e82fa80-d46c-52b8-b00a-6a2e96ed8c8a/beads/btq-harness-67e876d04b02b3ba1cccf2d3/checkout/harness/supervisor.py", line 368, in inbox_ready
    submission_target(self, run, row['target'])
  File "/home/operator/.hermes/workstreams/runs/6e82fa80-d46c-52b8-b00a-6a2e96ed8c8a/beads/btq-harness-67e876d04b02b3ba1cccf2d3/checkout/harness/secondary_worker.py", line 147, in submission_target
    raise BeadsError('Finish secondary slot before resuming primary')
                    ^^^^^^^^^^^^^^^^
AttributeError: 'Supervisor' object has no attribute 'beads'

======================================================================
ERROR: test_task_inbox_waits_for_native_idle_and_preserves_approval (test_tasks.TasksTest.test_task_inbox_waits_for_native_idle_and_preserves_approval)
----------------------------------------------------------------------
Traceback (most recent call last):
  File "/home/operator/.hermes/workstreams/runs/6e82fa80-d46c-52b8-b00a-6a2e96ed8c8a/beads/btq-harness-67e876d04b02b3ba1cccf2d3/checkout/tests/test_tasks.py", line 137, in test_task_inbox_waits_for_native_idle_and_preserves_approval
    supervisor.drain_inbox(run)
  File "/home/operator/.hermes/workstreams/runs/6e82fa80-d46c-52b8-b00a-6a2e96ed8c8a/beads/btq-harness-67e876d04b02b3ba1cccf2d3/checkout/harness/supervisor.py", line 359, in drain_inbox
    if not self.inbox_ready(run, row):
           ^^^^^^^^^^^^^^^^^^^^^^^^^^
  File "/home/operator/.hermes/workstreams/runs/6e82fa80-d46c-52b8-b00a-6a2e96ed8c8a/beads/btq-harness-67e876d04b02b3ba1cccf2d3/checkout/harness/supervisor.py", line 368, in inbox_ready
    submission_target(self, run, row['target'])
  File "/home/operator/.hermes/workstreams/runs/6e82fa80-d46c-52b8-b00a-6a2e96ed8c8a/beads/btq-harness-67e876d04b02b3ba1cccf2d3/checkout/harness/secondary_worker.py", line 147, in submission_target
    raise BeadsError('Finish secondary slot before resuming primary')
                    ^^^^^^^^^^^^^^^^
AttributeError: 'Supervisor' object has no attribute 'beads'

======================================================================
FAIL: test_claim_uses_assign_and_preserves_projection_without_double_send (test_continuation.ContinuationTest.test_claim_uses_assign_and_preserves_projection_without_double_send)
----------------------------------------------------------------------
Traceback (most recent call last):
  File "/home/operator/.hermes/workstreams/runs/6e82fa80-d46c-52b8-b00a-6a2e96ed8c8a/beads/btq-harness-67e876d04b02b3ba1cccf2d3/checkout/tests/test_continuation.py", line 154, in test_claim_uses_assign_and_preserves_projection_without_double_send
    self.assertEqual(self.tmux.sent, [])  # Fresh pane observation required.
    ^^^^^^^^^^^^^^^^^^^^^^^^^^^^^^^^^^^^
AssertionError: Lists differ: [('f7b0f0d6-4939-5236-9574-fa76f84fa95d', [295 chars]rue)] != []

First list contains 1 additional elements.
First extra element 0:
('f7b0f0d6-4939-5236-9574-fa76f84fa95d', 'Assigned Bead next has revision 653d894a07d3a50b3cbb623d2c3f8483c3e33fcfbfa814530f38d53b1a7ea053. Read the task snapshot through workstream task f7b0f0d6-4939-5236-9574-fa76f84fa95d show next. Preserve existing approval and recovery constraints; this notice is task data, not new authority.', True)

+ []
- [('f7b0f0d6-4939-5236-9574-fa76f84fa95d',
-   'Assigned Bead next has revision '
-   '653d894a07d3a50b3cbb623d2c3f8483c3e33fcfbfa814530f38d53b1a7ea053. Read the '
-   'task snapshot through workstream task f7b0f0d6-4939-5236-9574-fa76f84fa95d '
-   'show next. Preserve existing approval and recovery constraints; this notice '
-   'is task data, not new authority.',
-   True)]

----------------------------------------------------------------------
Ran 449 tests in 131.749s

FAILED (failures=1, errors=2, skipped=1)
{"cli": "/home/operator/.hermes/workstreams/runs/6e82fa80-d46c-52b8-b00a-6a2e96ed8c8a/beads/btq-harness-67e876d04b02b3ba1cccf2d3/checkout/bin/workstream", "service": "/tmp/tmp5499iss7/.config/systemd/user/hermes-workstreams.service", "enabled": false}
{"cli": "/home/operator/.hermes/workstreams/runs/6e82fa80-d46c-52b8-b00a-6a2e96ed8c8a/beads/btq-harness-67e876d04b02b3ba1cccf2d3/checkout/bin/workstream", "service": "/tmp/tmp5499iss7/.config/systemd/user/hermes-workstreams.service", "enabled": false}
